Microchip MPLAB XC8 Compiler V2.31

Linker command line:

-W-3 --edf=C:\Program Files\Microchip\xc8\v2.31\pic\dat\en_msgs.txt -cn \
  -h+dist/default/debug\ChristmasLights.debug.sym \
  --cmf=dist/default/debug\ChristmasLights.debug.cmf -z -Q18F14K22 \
  -oC:\Users\billb\AppData\Local\Temp\scl4.2 --defsym=__MPLAB_BUILD=1 \
  -Mdist/default/debug/ChristmasLights.debug.map -E1 -ver=XC8 Compiler \
  --acfsm=1493 -ASTACK=060h-01FFh -pstack=STACK -ACODE=00h-03DFFh \
  -ACONST=00h-03DFFh -ASMALLCONST=0200h-02FFhx60 -AMEDIUMCONST=0200h-03DFFh \
  -ACOMRAM=01h-05Fh -AABS1=00h-01FFh -ABIGRAM=01h-01FFh \
  -ARAM=060h-0FFh,0100h-01FFh -ABANK0=060h-0FFh -ABANK1=0100h-01FFh \
  -ASFR=0F60h-0FFFh -ACONFIG=0300000h-030000Dh -AIDLOC=0200000h-0200007h \
  -AEEDATA=0F00000h-0F000FFh -peeprom_data=EEDATA \
  -preset_vec=00h,intcode=08h,intcodelo,powerup,init -pramtop=0200h \
  -psmallconst=SMALLCONST -pmediumconst=MEDIUMCONST -pconst=CONST \
  -AFARRAM=00h-00h \
  -prdata=COMRAM,nvrram=COMRAM,nvbit=COMRAM,rbss=COMRAM,rbit=COMRAM \
  -pfarbss=FARRAM,fardata=FARRAM,nvFARRAM=FARRAM \
  -pintsave_regs=BIGRAM,bigbss=BIGRAM,bigdata=BIGRAM -pbss=RAM \
  -pidata=CODE,irdata=CODE,ibigdata=CODE,ifardata=CODE -prparam=COMRAM \
  C:\Users\billb\AppData\Local\Temp\scl4.o \
  dist/default/debug\ChristmasLights.debug.o 

Object code version is 3.11

Machine type is 18F14K22



                Name                               Link     Load   Length Selector   Space Scale
C:\Users\billb\AppData\Local\Temp\scl4.o
                idloc                            200000   200000        8        0       5
                config                           300000   300000        E        0       4
                init                                 74       74        4        4       0
                reset_vec                             0        0        4        0       0
dist/default/debug\ChristmasLights.debug.o
                intcode                               8        8       6C        4       0
                idloc                            200000   200000        8        0       5
                config                           300000   300000        E        0       4
                temp                                 48       48        1        1       1
                text18                              D32      D32        2        4       0
                text17                              C3C      C3C       30        4       0
                text16                              D2E      D2E        4        4       0
                text14                              D20      D20        A        4       0
                text13                              CBE      CBE       24        4       0
                text12                              D2A      D2A        4        4       0
                text11                              D12      D12        E        4       0
                text10                              C6C      C6C       2C        4       0
                text9                               CE2      CE2       12        4       0
                text8                               C98      C98       26        4       0
                text7                               916      916      11C        4       0
                text6                                78       78      39A        4       0
                text5                               B38      B38      104        4       0
                text4                               A32      A32      106        4       0
                text3                               412      412      1B4        4       0
                text2                               772      772      1A4        4       0
                text1                               5C6      5C6      1AC        4       0
                text0                               CF4      CF4       10        4       0
                cstackCOMRAM                          1        1       45        1       1
                cinit                               D04      D04        E        4       0
                nvCOMRAM                             46       46        2        1       1

TOTAL           Name                               Link     Load   Length     Space
        CLASS   STACK          

        CLASS   CODE           
                intcode                               8        8       6C         0
                init                                 74       74        4         0
                reset_vec                             0        0        4         0
                text18                              D32      D32        2         0
                text17                              C3C      C3C       30         0
                text16                              D2E      D2E        4         0
                text14                              D20      D20        A         0
                text13                              CBE      CBE       24         0
                text12                              D2A      D2A        4         0
                text11                              D12      D12        E         0
                text10                              C6C      C6C       2C         0
                text9                               CE2      CE2       12         0
                text8                               C98      C98       26         0
                text7                               916      916      11C         0
                text6                                78       78      39A         0
                text5                               B38      B38      104         0
                text4                               A32      A32      106         0
                text3                               412      412      1B4         0
                text2                               772      772      1A4         0
                text1                               5C6      5C6      1AC         0
                text0                               CF4      CF4       10         0
                cinit                               D04      D04        E         0

        CLASS   CONST          

        CLASS   SMALLCONST     

        CLASS   MEDIUMCONST    

        CLASS   COMRAM         
                temp                                 48       48        1         1
                cstackCOMRAM                          1        1       45         1
                nvCOMRAM                             46       46        2         1

        CLASS   ABS1           

        CLASS   BIGRAM         

        CLASS   RAM            

        CLASS   BANK0          

        CLASS   BANK1          

        CLASS   SFR            

        CLASS   CONFIG         
                config                           300000   300000        E         4

        CLASS   IDLOC          
                idloc                            200000   200000        8         5

        CLASS   EEDATA         

        CLASS   FARRAM         



SEGMENTS        Name                           Load    Length   Top    Selector   Space  Class

                reset_vec                      000000  000004  000004         0       0  CODE    
                cstackCOMRAM                   000001  000048  000049         1       1  COMRAM  
                intcode                        000008  000D2C  000D34         4       0  CODE    


UNUSED ADDRESS RANGES

        Name                Unused          Largest block    Delta
        BANK0            000060-0000FF               A0
        BANK1            000100-0001FF              100
        BIGRAM           000049-0001FF              1B7
        CODE             000004-000007                4
                         000D34-003DFF             30CC
        COMRAM           000049-00005F               17
        CONST            000004-000007                4
                         000D34-003DFF             30CC
        EEDATA           F00000-F000FF              100
        MEDIUMCONST      000D34-003DFF             30CC
        RAM              000060-0001FF               A0
        SFR              000F60-000FFF               A0
        SMALLCONST       000D34-003DFF              100
        STACK            000060-0001FF              1A0

                                  Symbol Table

?___fldiv                                 cstackCOMRAM 000011
?___fltol                                 cstackCOMRAM 00002A
?___xxtofl                                cstackCOMRAM 000003
ADC1_SetInterruptHandler@InterruptHandler cstackCOMRAM 000003
WSTest@i                                  cstackCOMRAM 000042
WSTest@i_255                              cstackCOMRAM 000044
WS_Word@A                                 cstackCOMRAM 000005
WS_Word@B                                 cstackCOMRAM 000007
WS_Word@Bx                                cstackCOMRAM 000014
WS_Word@C                                 cstackCOMRAM 000009
WS_Word@i                                 cstackCOMRAM 000016
WS_Word@x                                 cstackCOMRAM 00000E
WS_Word@x_242                             cstackCOMRAM 000010
WS_Word@x_243                             cstackCOMRAM 000012
WS_Write@A                                cstackCOMRAM 000003
WS_dim@A                                  cstackCOMRAM 000034
WS_dim@B                                  cstackCOMRAM 000036
WS_dim@C                                  cstackCOMRAM 000038
WS_dim@brightness                         cstackCOMRAM 00003A
WS_dim@factor                             cstackCOMRAM 00003C
_ADC1_DefaultInterruptHandler             text18       000D32
_ADC1_ISR                                 text17       000C3C
_ADC1_Initialize                          text13       000CBE
_ADC1_InterruptHandler                    nvCOMRAM     000046
_ADC1_SetInterruptHandler                 text14       000D20
_ADCON0                                   (abs)        000FC2
_ADCON0bits                               (abs)        000FC2
_ADCON1                                   (abs)        000FC1
_ADCON2                                   (abs)        000FC0
_ADRESH                                   (abs)        000FC4
_ADRESL                                   (abs)        000FC3
_ANSEL                                    (abs)        000F7E
_ANSELH                                   (abs)        000F7F
_GIE                                      (abs)        007F97
_INTCON2bits                              (abs)        000FF1
_INTCONbits                               (abs)        000FF2
_INTERRUPT_Initialize                     text12       000D2A
_INTERRUPT_InterruptManager               intcode      000008
_LATA                                     (abs)        000F89
_LATAbits                                 (abs)        000F89
_LATB                                     (abs)        000F8A
_LATC                                     (abs)        000F8B
_OSCCON                                   (abs)        000FD3
_OSCCON2                                  (abs)        000FD2
_OSCILLATOR_Initialize                    text11       000D12
_OSCTUNE                                  (abs)        000F9B
_PIE1bits                                 (abs)        000F9D
_PIN_MANAGER_IOC                          text16       000D2E
_PIN_MANAGER_Initialize                   text10       000C6C
_PIR1bits                                 (abs)        000F9E
_RCONbits                                 (abs)        000FD0
_SYSTEM_Initialize                        text9        000CE2
_TRISA                                    (abs)        000F92
_TRISB                                    (abs)        000F93
_TRISC                                    (abs)        000F94
_WPUA                                     (abs)        000F77
_WPUB                                     (abs)        000F78
_WSTest                                   text1        0005C6
_WS_Word                                  text7        000916
_WS_Write                                 text8        000C98
_WS_dim                                   text2        000772
__HRAM                                    (abs)        000000
__Habs1                                   abs1         000000
__Hbank0                                  bank0        000000
__Hbank1                                  bank1        000000
__Hbigbss                                 bigbss       000000
__Hbigdata                                bigdata      000000
__Hbigram                                 bigram       000000
__Hbss                                    bss          000000
__Hcinit                                  cinit        000000
__Hclrtext                                clrtext      000000
__Hcomram                                 comram       000000
__Hconfig                                 config       30000E
__Hconst                                  const        000000
__HcstackCOMRAM                           cstackCOMRAM 000000
__Hdata                                   data         000000
__Heeprom_data                            eeprom_data  000000
__Hfarbss                                 farbss       000000
__Hfardata                                fardata      000000
__Hibigdata                               ibigdata     000000
__Hidata                                  idata        000000
__Hidloc                                  idloc        200008
__Hifardata                               ifardata     000000
__Hinit                                   init         000078
__Hintcode                                intcode      000074
__Hintcode_body                           intcode_body 000000
__Hintcodelo                              intcodelo    000074
__Hintentry                               intentry     000000
__Hintret                                 intret       000000
__Hintsave_regs                           intsave_regs 000000
__Hirdata                                 irdata       000000
__Hmediumconst                            mediumconst  000000
__HnvCOMRAM                               nvCOMRAM     000000
__HnvFARRAM                               nvFARRAM     000000
__Hnvbit                                  nvbit        000000
__Hnvrram                                 nvrram       000000
__Hparam                                  rparam       000000
__Hpowerup                                powerup      000074
__Hram                                    ram          000000
__Hramtop                                 ramtop       000200
__Hrbit                                   rbit         000000
__Hrbss                                   rbss         000000
__Hrdata                                  rdata        000000
__Hreset_vec                              reset_vec    000004
__Hrparam                                 rparam       000000
__Hsfr                                    sfr          000000
__Hsmallconst                             smallconst   000000
__Hspace_0                                (abs)        000D34
__Hspace_1                                (abs)        000049
__Hspace_2                                (abs)        000000
__Hspace_4                                (abs)        60000E
__Hstack                                  stack        000000
__Hstruct                                 struct       000000
__Htemp                                   temp         000049
__Htext                                   text         000000
__Htext0                                  text0        000000
__Htext1                                  text1        000000
__Htext10                                 text10       000000
__Htext11                                 text11       000000
__Htext12                                 text12       000000
__Htext13                                 text13       000000
__Htext14                                 text14       000000
__Htext16                                 text16       000000
__Htext17                                 text17       000000
__Htext18                                 text18       000000
__Htext19                                 text19       000000
__Htext2                                  text2        000000
__Htext3                                  text3        000000
__Htext4                                  text4        000000
__Htext5                                  text5        000000
__Htext6                                  text6        000000
__Htext7                                  text7        000000
__Htext8                                  text8        000000
__Htext9                                  text9        000000
__LRAM                                    (abs)        000001
__Labs1                                   abs1         000000
__Lbank0                                  bank0        000000
__Lbank1                                  bank1        000000
__Lbigbss                                 bigbss       000000
__Lbigdata                                bigdata      000000
__Lbigram                                 bigram       000000
__Lbss                                    bss          000000
__Lcinit                                  cinit        000000
__Lclrtext                                clrtext      000000
__Lcomram                                 comram       000000
__Lconfig                                 config       000000
__Lconst                                  const        000000
__LcstackCOMRAM                           cstackCOMRAM 000000
__Ldata                                   data         000000
__Leeprom_data                            eeprom_data  000000
__Lfarbss                                 farbss       000000
__Lfardata                                fardata      000000
__Libigdata                               ibigdata     000000
__Lidata                                  idata        000000
__Lidloc                                  idloc        000000
__Lifardata                               ifardata     000000
__Linit                                   init         000074
__Lintcode                                intcode      000008
__Lintcode_body                           intcode_body 000000
__Lintcodelo                              intcodelo    000074
__Lintentry                               intentry     000000
__Lintret                                 intret       000000
__Lintsave_regs                           intsave_regs 000000
__Lirdata                                 irdata       000000
__Lmediumconst                            mediumconst  000000
__LnvCOMRAM                               nvCOMRAM     000000
__LnvFARRAM                               nvFARRAM     000000
__Lnvbit                                  nvbit        000000
__Lnvrram                                 nvrram       000000
__Lparam                                  rparam       000000
__Lpowerup                                powerup      000074
__Lram                                    ram          000000
__Lramtop                                 ramtop       000200
__Lrbit                                   rbit         000000
__Lrbss                                   rbss         000000
__Lrdata                                  rdata        000000
__Lreset_vec                              reset_vec    000000
__Lrparam                                 rparam       000000
__Lsfr                                    sfr          000000
__Lsmallconst                             smallconst   000000
__Lspace_0                                (abs)        000000
__Lspace_1                                (abs)        000000
__Lspace_2                                (abs)        000000
__Lspace_4                                (abs)        000000
__Lstack                                  stack        000000
__Lstruct                                 struct       000000
__Ltemp                                   temp         000048
__Ltext                                   text         000000
__Ltext0                                  text0        000000
__Ltext1                                  text1        000000
__Ltext10                                 text10       000000
__Ltext11                                 text11       000000
__Ltext12                                 text12       000000
__Ltext13                                 text13       000000
__Ltext14                                 text14       000000
__Ltext16                                 text16       000000
__Ltext17                                 text17       000000
__Ltext18                                 text18       000000
__Ltext19                                 text19       000000
__Ltext2                                  text2        000000
__Ltext3                                  text3        000000
__Ltext4                                  text4        000000
__Ltext5                                  text5        000000
__Ltext6                                  text6        000000
__Ltext7                                  text7        000000
__Ltext8                                  text8        000000
__Ltext9                                  text9        000000
__S0                                      (abs)        000D34
__S1                                      (abs)        000049
__S2                                      (abs)        000000
__S4                                      (abs)        000000
__S5                                      (abs)        000000
___fldiv                                  text6        000078
___fldiv@a                                cstackCOMRAM 000015
___fldiv@aexp                             cstackCOMRAM 000029
___fldiv@b                                cstackCOMRAM 000011
___fldiv@bexp                             cstackCOMRAM 000028
___fldiv@grs                              cstackCOMRAM 000024
___fldiv@new_exp                          cstackCOMRAM 000022
___fldiv@rem                              cstackCOMRAM 00001D
___fldiv@sign                             cstackCOMRAM 000021
___flge                                   text5        000B38
___flge@ff1                               cstackCOMRAM 000003
___flge@ff2                               cstackCOMRAM 000007
___fltol                                  text4        000A32
___fltol@exp1                             cstackCOMRAM 000033
___fltol@f1                               cstackCOMRAM 00002A
___fltol@sign1                            cstackCOMRAM 000032
___inthi_sp                               stack        000000
___intlo_sp                               stack        000000
___param_bank                             (abs)        000000
___rparam_used                            (abs)        000001
___sp                                     stack        000000
___xxtofl                                 text3        000412
___xxtofl@arg                             cstackCOMRAM 00000D
___xxtofl@exp                             cstackCOMRAM 00000C
___xxtofl@sign                            cstackCOMRAM 00000B
___xxtofl@val                             cstackCOMRAM 000003
__accesstop                               (abs)        000060
__activetblptr                            (abs)        000002
__end_of_ADC1_DefaultInterruptHandler     text18       000D34
__end_of_ADC1_ISR                         text17       000C6C
__end_of_ADC1_Initialize                  text13       000CE2
__end_of_ADC1_SetInterruptHandler         text14       000D2A
__end_of_INTERRUPT_Initialize             text12       000D2E
__end_of_INTERRUPT_InterruptManager       intcode      000074
__end_of_OSCILLATOR_Initialize            text11       000D20
__end_of_PIN_MANAGER_IOC                  text16       000D32
__end_of_PIN_MANAGER_Initialize           text10       000C98
__end_of_SYSTEM_Initialize                text9        000CF4
__end_of_WSTest                           text1        000772
__end_of_WS_Word                          text7        000A32
__end_of_WS_Write                         text8        000CBE
__end_of_WS_dim                           text2        000916
__end_of___fldiv                          text6        000412
__end_of___flge                           text5        000C3C
__end_of___fltol                          text4        000B38
__end_of___xxtofl                         text3        0005C6
__end_of__initialization                  cinit        000D04
__end_of_main                             text0        000D04
__initialization                          cinit        000D04
__mediumconst                             mediumconst  000000
__pcinit                                  cinit        000D04
__pcstackCOMRAM                           cstackCOMRAM 000001
__pintcode                                intcode      000008
__pnvCOMRAM                               nvCOMRAM     000046
__ptext0                                  text0        000CF4
__ptext1                                  text1        0005C6
__ptext10                                 text10       000C6C
__ptext11                                 text11       000D12
__ptext12                                 text12       000D2A
__ptext13                                 text13       000CBE
__ptext14                                 text14       000D20
__ptext16                                 text16       000D2E
__ptext17                                 text17       000C3C
__ptext18                                 text18       000D32
__ptext19                                 text19       000000
__ptext2                                  text2        000772
__ptext3                                  text3        000412
__ptext4                                  text4        000A32
__ptext5                                  text5        000B38
__ptext6                                  text6        000078
__ptext7                                  text7        000916
__ptext8                                  text8        000C98
__ptext9                                  text9        000CE2
__ramtop                                  ramtop       000200
__size_of_ADC1_DefaultInterruptHandler    (abs)        000000
__size_of_ADC1_ISR                        (abs)        000000
__size_of_ADC1_Initialize                 (abs)        000000
__size_of_ADC1_SetInterruptHandler        (abs)        000000
__size_of_INTERRUPT_Initialize            (abs)        000000
__size_of_INTERRUPT_InterruptManager      (abs)        000000
__size_of_OSCILLATOR_Initialize           (abs)        000000
__size_of_PIN_MANAGER_IOC                 (abs)        000000
__size_of_PIN_MANAGER_Initialize          (abs)        000000
__size_of_SYSTEM_Initialize               (abs)        000000
__size_of_WSTest                          (abs)        000000
__size_of_WS_Word                         (abs)        000000
__size_of_WS_Write                        (abs)        000000
__size_of_WS_dim                          (abs)        000000
__size_of___fldiv                         (abs)        000000
__size_of___flge                          (abs)        000000
__size_of___fltol                         (abs)        000000
__size_of___xxtofl                        (abs)        000000
__size_of_main                            (abs)        000000
__smallconst                              smallconst   000000
_main                                     text0        000CF4
btemp                                     temp         000048
end_of_initialization                     cinit        000D04
int$flags                                 temp         000048
intlevel0                                 text         000000
intlevel1                                 text         000000
intlevel2                                 text         000000
intlevel3                                 text         000000
stackhi                                   (abs)        0001FF
stacklo                                   (abs)        000060
start                                     init         000074
start_initialization                      cinit        000D04
ttemp5                                    temp         000049
ttemp6                                    temp         00004C
ttemp7                                    temp         000050
wtemp8                                    temp         000049


FUNCTION INFORMATION:

 *************** function _main *****************
 Defined at:
		line 50 in file "main.c"
 Parameters:    Size  Location     Type
		None
 Auto vars:     Size  Location     Type
		None
 Return value:  Size  Location     Type
                  1    wreg      void 
 Registers used:
		wreg, status,2, status,0, cstack
 Tracked objects:
		On entry : 
		On exit  : 
		Unchanged: 
 Data sizes:     COMRAM   BANK0   BANK1
      Params:         0       0       0
      Locals:         0       0       0
      Temps:          0       0       0
      Totals:         0       0       0
Total ram usage:        0 bytes
 Hardware stack levels required when called:    7
 This function calls:
		_SYSTEM_Initialize
		_WSTest
 This function is called by:
		Startup code after reset
 This function uses a non-reentrant model


 *************** function _WSTest *****************
 Defined at:
		line 78 in file "WS2812b/BitBangWS2812b.c"
 Parameters:    Size  Location     Type
		None
 Auto vars:     Size  Location     Type
  i               2   67[COMRAM] int 
  i               2   65[COMRAM] int 
 Return value:  Size  Location     Type
                  1    wreg      void 
 Registers used:
		wreg, status,2, status,0, cstack
 Tracked objects:
		On entry : 
		On exit  : 
		Unchanged: 
 Data sizes:     COMRAM   BANK0   BANK1
      Params:         0       0       0
      Locals:         4       0       0
      Temps:          2       0       0
      Totals:         6       0       0
Total ram usage:        6 bytes
 Hardware stack levels used:    1
 Hardware stack levels required when called:    6
 This function calls:
		_WS_Word
		_WS_dim
 This function is called by:
		_main
 This function uses a non-reentrant model


 *************** function _WS_dim *****************
 Defined at:
		line 10 in file "WS2812b/BitBangWS2812b.c"
 Parameters:    Size  Location     Type
  A               2   51[COMRAM] int 
  B               2   53[COMRAM] int 
  C               2   55[COMRAM] int 
  brightness      2   57[COMRAM] int 
 Auto vars:     Size  Location     Type
  factor          4   59[COMRAM] float 
 Return value:  Size  Location     Type
                  1    wreg      void 
 Registers used:
		wreg, status,2, status,0, cstack
 Tracked objects:
		On entry : 
		On exit  : 
		Unchanged: 
 Data sizes:     COMRAM   BANK0   BANK1
      Params:         8       0       0
      Locals:         4       0       0
      Temps:          0       0       0
      Totals:        12       0       0
Total ram usage:       12 bytes
 Hardware stack levels used:    1
 Hardware stack levels required when called:    5
 This function calls:
		_WS_Word
		___fldiv
		___flge
		___fltol
		___xxtofl
 This function is called by:
		_WSTest
 This function uses a non-reentrant model


 *************** function ___xxtofl *****************
 Defined at:
		line 10 in file "C:\Program Files\Microchip\xc8\v2.31\pic\sources\c99\common\xxtofl.c"
 Parameters:    Size  Location     Type
  sign            1    wreg     unsigned char 
  val             4    2[COMRAM] long 
 Auto vars:     Size  Location     Type
  sign            1   10[COMRAM] unsigned char 
  arg             4   12[COMRAM] unsigned long 
  exp             1   11[COMRAM] unsigned char 
 Return value:  Size  Location     Type
                  4    2[COMRAM] unsigned char 
 Registers used:
		wreg, status,2, status,0
 Tracked objects:
		On entry : 
		On exit  : 
		Unchanged: 
 Data sizes:     COMRAM   BANK0   BANK1
      Params:         4       0       0
      Locals:         6       0       0
      Temps:          4       0       0
      Totals:        14       0       0
Total ram usage:       14 bytes
 Hardware stack levels used:    1
 Hardware stack levels required when called:    3
 This function calls:
		Nothing
 This function is called by:
		_WS_dim
 This function uses a non-reentrant model


 *************** function ___fltol *****************
 Defined at:
		line 43 in file "C:\Program Files\Microchip\xc8\v2.31\pic\sources\c99\common\fltol.c"
 Parameters:    Size  Location     Type
  f1              4   41[COMRAM] unsigned char 
 Auto vars:     Size  Location     Type
  exp1            1   50[COMRAM] unsigned char 
  sign1           1   49[COMRAM] unsigned char 
 Return value:  Size  Location     Type
                  4   41[COMRAM] long 
 Registers used:
		wreg, status,2, status,0
 Tracked objects:
		On entry : 
		On exit  : 
		Unchanged: 
 Data sizes:     COMRAM   BANK0   BANK1
      Params:         4       0       0
      Locals:         2       0       0
      Temps:          4       0       0
      Totals:        10       0       0
Total ram usage:       10 bytes
 Hardware stack levels used:    1
 Hardware stack levels required when called:    3
 This function calls:
		Nothing
 This function is called by:
		_WS_dim
 This function uses a non-reentrant model


 *************** function ___flge *****************
 Defined at:
		line 4 in file "C:\Program Files\Microchip\xc8\v2.31\pic\sources\c99\common\flge.c"
 Parameters:    Size  Location     Type
  ff1             4    2[COMRAM] long 
  ff2             4    6[COMRAM] long 
 Auto vars:     Size  Location     Type
		None
 Return value:  Size  Location     Type
		None               void
 Registers used:
		wreg, status,2, status,0
 Tracked objects:
		On entry : 
		On exit  : 
		Unchanged: 
 Data sizes:     COMRAM   BANK0   BANK1
      Params:         8       0       0
      Locals:         0       0       0
      Temps:          4       0       0
      Totals:        12       0       0
Total ram usage:       12 bytes
 Hardware stack levels used:    1
 Hardware stack levels required when called:    3
 This function calls:
		Nothing
 This function is called by:
		_WS_dim
 This function uses a non-reentrant model


 *************** function ___fldiv *****************
 Defined at:
		line 11 in file "C:\Program Files\Microchip\xc8\v2.31\pic\sources\c99\common\sprcdiv.c"
 Parameters:    Size  Location     Type
  b               4   16[COMRAM] long 
  a               4   20[COMRAM] long 
 Auto vars:     Size  Location     Type
  grs             4   35[COMRAM] unsigned long 
  rem             4   28[COMRAM] unsigned long 
  new_exp         2   33[COMRAM] short 
  aexp            1   40[COMRAM] unsigned char 
  bexp            1   39[COMRAM] unsigned char 
  sign            1   32[COMRAM] unsigned char 
 Return value:  Size  Location     Type
                  4   16[COMRAM] unsigned char 
 Registers used:
		wreg, status,2, status,0
 Tracked objects:
		On entry : 
		On exit  : 
		Unchanged: 
 Data sizes:     COMRAM   BANK0   BANK1
      Params:         8       0       0
      Locals:        13       0       0
      Temps:          4       0       0
      Totals:        25       0       0
Total ram usage:       25 bytes
 Hardware stack levels used:    1
 Hardware stack levels required when called:    3
 This function calls:
		Nothing
 This function is called by:
		_WS_dim
 This function uses a non-reentrant model


 *************** function _WS_Word *****************
 Defined at:
		line 22 in file "WS2812b/BitBangWS2812b.c"
 Parameters:    Size  Location     Type
  A               2    4[COMRAM] int 
  B               2    6[COMRAM] int 
  C               2    8[COMRAM] int 
 Auto vars:     Size  Location     Type
  x               2   17[COMRAM] int 
  x               2   15[COMRAM] int 
  x               2   13[COMRAM] int 
  i               2   21[COMRAM] int 
  Bx              2   19[COMRAM] int 
 Return value:  Size  Location     Type
                  1    wreg      void 
 Registers used:
		wreg, status,2, status,0, cstack
 Tracked objects:
		On entry : 
		On exit  : 
		Unchanged: 
 Data sizes:     COMRAM   BANK0   BANK1
      Params:         6       0       0
      Locals:        10       0       0
      Temps:          3       0       0
      Totals:        19       0       0
Total ram usage:       19 bytes
 Hardware stack levels used:    1
 Hardware stack levels required when called:    4
 This function calls:
		_WS_Write
 This function is called by:
		_WS_dim
		_WSTest
		_WSLoop
		_WS_White
 This function uses a non-reentrant model


 *************** function _WS_Write *****************
 Defined at:
		line 57 in file "WS2812b/BitBangWS2812b.c"
 Parameters:    Size  Location     Type
  A               2    2[COMRAM] int 
 Auto vars:     Size  Location     Type
		None
 Return value:  Size  Location     Type
                  1    wreg      void 
 Registers used:
		wreg, status,2, status,0
 Tracked objects:
		On entry : 
		On exit  : 
		Unchanged: 
 Data sizes:     COMRAM   BANK0   BANK1
      Params:         2       0       0
      Locals:         0       0       0
      Temps:          0       0       0
      Totals:         2       0       0
Total ram usage:        2 bytes
 Hardware stack levels used:    1
 Hardware stack levels required when called:    3
 This function calls:
		Nothing
 This function is called by:
		_WS_Word
 This function uses a non-reentrant model


 *************** function _SYSTEM_Initialize *****************
 Defined at:
		line 50 in file "mcc_generated_files/mcc.c"
 Parameters:    Size  Location     Type
		None
 Auto vars:     Size  Location     Type
		None
 Return value:  Size  Location     Type
                  1    wreg      void 
 Registers used:
		wreg, status,2, status,0, cstack
 Tracked objects:
		On entry : 
		On exit  : 
		Unchanged: 
 Data sizes:     COMRAM   BANK0   BANK1
      Params:         0       0       0
      Locals:         0       0       0
      Temps:          0       0       0
      Totals:         0       0       0
Total ram usage:        0 bytes
 Hardware stack levels used:    1
 Hardware stack levels required when called:    5
 This function calls:
		_ADC1_Initialize
		_INTERRUPT_Initialize
		_OSCILLATOR_Initialize
		_PIN_MANAGER_Initialize
 This function is called by:
		_main
 This function uses a non-reentrant model


 *************** function _PIN_MANAGER_Initialize *****************
 Defined at:
		line 55 in file "mcc_generated_files/pin_manager.c"
 Parameters:    Size  Location     Type
		None
 Auto vars:     Size  Location     Type
		None
 Return value:  Size  Location     Type
                  1    wreg      void 
 Registers used:
		wreg, status,2
 Tracked objects:
		On entry : 
		On exit  : 
		Unchanged: 
 Data sizes:     COMRAM   BANK0   BANK1
      Params:         0       0       0
      Locals:         0       0       0
      Temps:          0       0       0
      Totals:         0       0       0
Total ram usage:        0 bytes
 Hardware stack levels used:    1
 Hardware stack levels required when called:    3
 This function calls:
		Nothing
 This function is called by:
		_SYSTEM_Initialize
 This function uses a non-reentrant model


 *************** function _OSCILLATOR_Initialize *****************
 Defined at:
		line 59 in file "mcc_generated_files/mcc.c"
 Parameters:    Size  Location     Type
		None
 Auto vars:     Size  Location     Type
		None
 Return value:  Size  Location     Type
                  1    wreg      void 
 Registers used:
		wreg, status,2
 Tracked objects:
		On entry : 
		On exit  : 
		Unchanged: 
 Data sizes:     COMRAM   BANK0   BANK1
      Params:         0       0       0
      Locals:         0       0       0
      Temps:          0       0       0
      Totals:         0       0       0
Total ram usage:        0 bytes
 Hardware stack levels used:    1
 Hardware stack levels required when called:    3
 This function calls:
		Nothing
 This function is called by:
		_SYSTEM_Initialize
 This function uses a non-reentrant model


 *************** function _INTERRUPT_Initialize *****************
 Defined at:
		line 52 in file "mcc_generated_files/interrupt_manager.c"
 Parameters:    Size  Location     Type
		None
 Auto vars:     Size  Location     Type
		None
 Return value:  Size  Location     Type
                  1    wreg      void 
 Registers used:
		None
 Tracked objects:
		On entry : 
		On exit  : 
		Unchanged: 
 Data sizes:     COMRAM   BANK0   BANK1
      Params:         0       0       0
      Locals:         0       0       0
      Temps:          0       0       0
      Totals:         0       0       0
Total ram usage:        0 bytes
 Hardware stack levels used:    1
 Hardware stack levels required when called:    3
 This function calls:
		Nothing
 This function is called by:
		_SYSTEM_Initialize
 This function uses a non-reentrant model


 *************** function _ADC1_Initialize *****************
 Defined at:
		line 62 in file "mcc_generated_files/adc1.c"
 Parameters:    Size  Location     Type
		None
 Auto vars:     Size  Location     Type
		None
 Return value:  Size  Location     Type
                  1    wreg      void 
 Registers used:
		wreg, status,2, status,0, cstack
 Tracked objects:
		On entry : 
		On exit  : 
		Unchanged: 
 Data sizes:     COMRAM   BANK0   BANK1
      Params:         0       0       0
      Locals:         0       0       0
      Temps:          0       0       0
      Totals:         0       0       0
Total ram usage:        0 bytes
 Hardware stack levels used:    1
 Hardware stack levels required when called:    4
 This function calls:
		_ADC1_SetInterruptHandler
 This function is called by:
		_SYSTEM_Initialize
 This function uses a non-reentrant model


 *************** function _ADC1_SetInterruptHandler *****************
 Defined at:
		line 151 in file "mcc_generated_files/adc1.c"
 Parameters:    Size  Location     Type
  InterruptHan    2    2[COMRAM] PTR FTN()void 
		 -> ADC1_DefaultInterruptHandler(1), 
 Auto vars:     Size  Location     Type
		None
 Return value:  Size  Location     Type
                  1    wreg      void 
 Registers used:
		wreg, status,2, status,0
 Tracked objects:
		On entry : 
		On exit  : 
		Unchanged: 
 Data sizes:     COMRAM   BANK0   BANK1
      Params:         2       0       0
      Locals:         0       0       0
      Temps:          0       0       0
      Totals:         2       0       0
Total ram usage:        2 bytes
 Hardware stack levels used:    1
 Hardware stack levels required when called:    3
 This function calls:
		Nothing
 This function is called by:
		_ADC1_Initialize
 This function uses a non-reentrant model


 *************** function _INTERRUPT_InterruptManager *****************
 Defined at:
		line 58 in file "mcc_generated_files/interrupt_manager.c"
 Parameters:    Size  Location     Type
		None
 Auto vars:     Size  Location     Type
		None
 Return value:  Size  Location     Type
                  1    wreg      void 
 Registers used:
		wreg, status,2, status,0, pclath, tosl, cstack
 Tracked objects:
		On entry : 
		On exit  : 
		Unchanged: 
 Data sizes:     COMRAM   BANK0   BANK1
      Params:         0       0       0
      Locals:         0       0       0
      Temps:          2       0       0
      Totals:         2       0       0
Total ram usage:        2 bytes
 Hardware stack levels used:    1
 Hardware stack levels required when called:    2
 This function calls:
		_ADC1_ISR
		_PIN_MANAGER_IOC
 This function is called by:
		Interrupt level 2
 This function uses a non-reentrant model


 *************** function _PIN_MANAGER_IOC *****************
 Defined at:
		line 95 in file "mcc_generated_files/pin_manager.c"
 Parameters:    Size  Location     Type
		None
 Auto vars:     Size  Location     Type
		None
 Return value:  Size  Location     Type
                  1    wreg      void 
 Registers used:
		None
 Tracked objects:
		On entry : 
		On exit  : 
		Unchanged: 
 Data sizes:     COMRAM   BANK0   BANK1
      Params:         0       0       0
      Locals:         0       0       0
      Temps:          0       0       0
      Totals:         0       0       0
Total ram usage:        0 bytes
 Hardware stack levels used:    1
 This function calls:
		Nothing
 This function is called by:
		_INTERRUPT_InterruptManager
 This function uses a non-reentrant model


 *************** function _ADC1_ISR *****************
 Defined at:
		line 140 in file "mcc_generated_files/adc1.c"
 Parameters:    Size  Location     Type
		None
 Auto vars:     Size  Location     Type
		None
 Return value:  Size  Location     Type
                  1    wreg      void 
 Registers used:
		wreg, status,2, status,0, pclath, tosl, cstack
 Tracked objects:
		On entry : 
		On exit  : 
		Unchanged: 
 Data sizes:     COMRAM   BANK0   BANK1
      Params:         0       0       0
      Locals:         0       0       0
      Temps:          0       0       0
      Totals:         0       0       0
Total ram usage:        0 bytes
 Hardware stack levels used:    1
 Hardware stack levels required when called:    1
 This function calls:
		Absolute function
		_ADC1_DefaultInterruptHandler
 This function is called by:
		_INTERRUPT_InterruptManager
 This function uses a non-reentrant model


 *************** function _ADC1_DefaultInterruptHandler *****************
 Defined at:
		line 155 in file "mcc_generated_files/adc1.c"
 Parameters:    Size  Location     Type
		None
 Auto vars:     Size  Location     Type
		None
 Return value:  Size  Location     Type
                  1    wreg      void 
 Registers used:
		None
 Tracked objects:
		On entry : 
		On exit  : 
		Unchanged: 
 Data sizes:     COMRAM   BANK0   BANK1
      Params:         0       0       0
      Locals:         0       0       0
      Temps:          0       0       0
      Totals:         0       0       0
Total ram usage:        0 bytes
 Hardware stack levels used:    1
 This function calls:
		Nothing
 This function is called by:
		_ADC1_Initialize
		_ADC1_ISR
 This function uses a non-reentrant model



MODULE INFORMATION

Module		Function		Class		Link	Load	Size
WS2812b/BitBangWS2812b.c
		_WS_dim        		CODE           	0772	0000	420
		_WS_Word       		CODE           	0916	0000	284
		_WSTest        		CODE           	05C6	0000	428
		_WS_Write      		CODE           	0C98	0000	38

WS2812b/BitBangWS2812b.c estimated size: 1170

mcc_generated_files/interrupt_manager.c
		_INTERRUPT_Initialize		CODE           	0D2A	0000	4
		_INTERRUPT_InterruptManager		CODE           	0008	0000	108

mcc_generated_files/interrupt_manager.c estimated size: 112

C:\Program Files\Microchip\xc8\v2.31\pic\sources\c99\common\xxtofl.c
		___xxtofl      		CODE           	0412	0000	436

C:\Program Files\Microchip\xc8\v2.31\pic\sources\c99\common\xxtofl.c estimated size: 436

mcc_generated_files/adc1.c
		_ADC1_Initialize		CODE           	0CBE	0000	36
		_ADC1_SetInterruptHandler		CODE           	0D20	0000	10
		_ADC1_DefaultInterruptHandler		CODE           	0D32	0000	2
		_ADC1_ISR      		CODE           	0C3C	0000	48

mcc_generated_files/adc1.c estimated size: 96

mcc_generated_files/pin_manager.c
		_PIN_MANAGER_Initialize		CODE           	0C6C	0000	44
		_PIN_MANAGER_IOC		CODE           	0D2E	0000	4

mcc_generated_files/pin_manager.c estimated size: 48

shared
		__initialization		CODE           	0D04	0000	1

shared estimated size: 1

mcc_generated_files/mcc.c
		_OSCILLATOR_Initialize		CODE           	0D12	0000	14
		_SYSTEM_Initialize		CODE           	0CE2	0000	18

mcc_generated_files/mcc.c estimated size: 32

C:\Program Files\Microchip\xc8\v2.31\pic\sources\c99\common\sprcdiv.c
		___fldiv       		CODE           	0078	0000	922

C:\Program Files\Microchip\xc8\v2.31\pic\sources\c99\common\sprcdiv.c estimated size: 922

C:\Program Files\Microchip\xc8\v2.31\pic\sources\c99\common\fltol.c
		___fltol       		CODE           	0A32	0000	262

C:\Program Files\Microchip\xc8\v2.31\pic\sources\c99\common\fltol.c estimated size: 262

C:\Program Files\Microchip\xc8\v2.31\pic\sources\c99\common\flge.c
		___flge        		CODE           	0B38	0000	260

C:\Program Files\Microchip\xc8\v2.31\pic\sources\c99\common\flge.c estimated size: 260

main.c
		_main          		CODE           	0CF4	0000	16

main.c estimated size: 16

