Microchip MPLAB XC8 Compiler V2.31

Linker command line:

-W-3 --edf=C:\Program Files\Microchip\xc8\v2.31\pic\dat\en_msgs.txt -cn \
  -h+dist/default/production\ChristmasLights.production.sym \
  --cmf=dist/default/production\ChristmasLights.production.cmf -z \
  -Q18F14K22 -oC:\Users\billb\AppData\Local\Temp\s26s.2 \
  --defsym=__MPLAB_BUILD=1 \
  -Mdist/default/production/ChristmasLights.production.map -E1 \
  -ver=XC8 Compiler --acfsm=1493 -ASTACK=060h-01FFh -pstack=STACK \
  -ACODE=00h-03FFFh -ACONST=00h-03FFFh -ASMALLCONST=0200h-02FFhx62 \
  -AMEDIUMCONST=0200h-03FFFh -ACOMRAM=01h-05Fh -AABS1=00h-01FFh \
  -ABIGRAM=01h-01FFh -ARAM=060h-0FFh,0100h-01FFh -ABANK0=060h-0FFh \
  -ABANK1=0100h-01FFh -ASFR=0F60h-0FFFh -ACONFIG=0300000h-030000Dh \
  -AIDLOC=0200000h-0200007h -AEEDATA=0F00000h-0F000FFh -peeprom_data=EEDATA \
  -preset_vec=00h,intcode=08h,intcodelo,powerup,init -pramtop=0200h \
  -psmallconst=SMALLCONST -pmediumconst=MEDIUMCONST -pconst=CONST \
  -AFARRAM=00h-00h \
  -prdata=COMRAM,nvrram=COMRAM,nvbit=COMRAM,rbss=COMRAM,rbit=COMRAM \
  -pfarbss=FARRAM,fardata=FARRAM,nvFARRAM=FARRAM \
  -pintsave_regs=BIGRAM,bigbss=BIGRAM,bigdata=BIGRAM -pbss=RAM \
  -pidata=CODE,irdata=CODE,ibigdata=CODE,ifardata=CODE -prparam=COMRAM \
  C:\Users\billb\AppData\Local\Temp\s26s.o \
  dist/default/production\ChristmasLights.production.o 

Object code version is 3.11

Machine type is 18F14K22



                Name                               Link     Load   Length Selector   Space Scale
C:\Users\billb\AppData\Local\Temp\s26s.o
                idloc                            200000   200000        8        0       5
                config                           300000   300000        E        0       4
                init                                 74       74        4        4       0
                reset_vec                             0        0        4        0       0
dist/default/production\ChristmasLights.production.o
                intcode                               8        8       6C        4       0
                idloc                            200000   200000        8        0       5
                config                           300000   300000        E        0       4
                temp                                 32       32        1        1       1
                text14                              6C0      6C0        2        4       0
                text13                              5BA      5BA       30        4       0
                text12                              6BC      6BC        4        4       0
                text10                              6AE      6AE        A        4       0
                text9                               63C      63C       24        4       0
                text8                               6B8      6B8        4        4       0
                text7                               6A0      6A0        E        4       0
                text6                               5EA      5EA       2C        4       0
                text5                               680      680       12        4       0
                text4                               616      616       26        4       0
                text3                               3D8      3D8      11C        4       0
                text2                               4F4      4F4       C6        4       0
                text1                                78       78      360        4       0
                text0                               660      660       20        4       0
                cstackCOMRAM                          1        1       2F        1       1
                cinit                               692      692        E        4       0
                nvCOMRAM                             30       30        2        1       1

TOTAL           Name                               Link     Load   Length     Space
        CLASS   STACK          

        CLASS   CODE           
                intcode                               8        8       6C         0
                init                                 74       74        4         0
                reset_vec                             0        0        4         0
                text14                              6C0      6C0        2         0
                text13                              5BA      5BA       30         0
                text12                              6BC      6BC        4         0
                text10                              6AE      6AE        A         0
                text9                               63C      63C       24         0
                text8                               6B8      6B8        4         0
                text7                               6A0      6A0        E         0
                text6                               5EA      5EA       2C         0
                text5                               680      680       12         0
                text4                               616      616       26         0
                text3                               3D8      3D8      11C         0
                text2                               4F4      4F4       C6         0
                text1                                78       78      360         0
                text0                               660      660       20         0
                cinit                               692      692        E         0

        CLASS   CONST          

        CLASS   SMALLCONST     

        CLASS   MEDIUMCONST    

        CLASS   COMRAM         
                temp                                 32       32        1         1
                cstackCOMRAM                          1        1       2F         1
                nvCOMRAM                             30       30        2         1

        CLASS   ABS1           

        CLASS   BIGRAM         

        CLASS   RAM            

        CLASS   BANK0          

        CLASS   BANK1          

        CLASS   SFR            

        CLASS   CONFIG         
                config                           300000   300000        E         4

        CLASS   IDLOC          
                idloc                            200000   200000        8         5

        CLASS   EEDATA         

        CLASS   FARRAM         



SEGMENTS        Name                           Load    Length   Top    Selector   Space  Class

                reset_vec                      000000  000004  000004         0       0  CODE    
                cstackCOMRAM                   000001  000032  000033         1       1  COMRAM  
                intcode                        000008  0006BA  0006C2         4       0  CODE    


UNUSED ADDRESS RANGES

        Name                Unused          Largest block    Delta
        BANK0            000060-0000FF               A0
        BANK1            000100-0001FF              100
        BIGRAM           000033-0001FF              1CD
        CODE             000004-000007                4
                         0006C2-003FFF             393E
        COMRAM           000033-00005F               2D
        CONST            000004-000007                4
                         0006C2-003FFF             393E
        EEDATA           F00000-F000FF              100
        MEDIUMCONST      0006C2-003FFF             393E
        RAM              000060-0001FF               A0
        SFR              000F60-000FFF               A0
        SMALLCONST       0006C2-003FFF              100
        STACK            000060-0001FF              1A0

                                  Symbol Table

ADC1_SetInterruptHandler@InterruptHandler cstackCOMRAM 000003
WSTest@b                                  cstackCOMRAM 00002E
WSTest@brightness                         cstackCOMRAM 000025
WSTest@i                                  cstackCOMRAM 00002C
WSTest@length                             cstackCOMRAM 000023
WS_Word@A                                 cstackCOMRAM 000005
WS_Word@B                                 cstackCOMRAM 000007
WS_Word@Bx                                cstackCOMRAM 000014
WS_Word@C                                 cstackCOMRAM 000009
WS_Word@i                                 cstackCOMRAM 000016
WS_Word@x                                 cstackCOMRAM 00000E
WS_Word@x_241                             cstackCOMRAM 000010
WS_Word@x_242                             cstackCOMRAM 000012
WS_Write@A                                cstackCOMRAM 000003
WS_dim@A                                  cstackCOMRAM 000018
WS_dim@B                                  cstackCOMRAM 00001A
WS_dim@C                                  cstackCOMRAM 00001C
WS_dim@brightness                         cstackCOMRAM 00001E
_ADC1_DefaultInterruptHandler             text14       0006C0
_ADC1_ISR                                 text13       0005BA
_ADC1_Initialize                          text9        00063C
_ADC1_InterruptHandler                    nvCOMRAM     000030
_ADC1_SetInterruptHandler                 text10       0006AE
_ADCON0                                   (abs)        000FC2
_ADCON0bits                               (abs)        000FC2
_ADCON1                                   (abs)        000FC1
_ADCON2                                   (abs)        000FC0
_ADRESH                                   (abs)        000FC4
_ADRESL                                   (abs)        000FC3
_ANSEL                                    (abs)        000F7E
_ANSELH                                   (abs)        000F7F
_GIE                                      (abs)        007F97
_INTCON2bits                              (abs)        000FF1
_INTCONbits                               (abs)        000FF2
_INTERRUPT_Initialize                     text8        0006B8
_INTERRUPT_InterruptManager               intcode      000008
_LATA                                     (abs)        000F89
_LATAbits                                 (abs)        000F89
_LATB                                     (abs)        000F8A
_LATC                                     (abs)        000F8B
_OSCCON                                   (abs)        000FD3
_OSCCON2                                  (abs)        000FD2
_OSCILLATOR_Initialize                    text7        0006A0
_OSCTUNE                                  (abs)        000F9B
_PIE1bits                                 (abs)        000F9D
_PIN_MANAGER_IOC                          text12       0006BC
_PIN_MANAGER_Initialize                   text6        0005EA
_PIR1bits                                 (abs)        000F9E
_RCONbits                                 (abs)        000FD0
_SYSTEM_Initialize                        text5        000680
_TRISA                                    (abs)        000F92
_TRISB                                    (abs)        000F93
_TRISC                                    (abs)        000F94
_WPUA                                     (abs)        000F77
_WPUB                                     (abs)        000F78
_WSTest                                   text1        000078
_WS_Word                                  text3        0003D8
_WS_Write                                 text4        000616
_WS_dim                                   text2        0004F4
__HRAM                                    (abs)        000000
__Habs1                                   abs1         000000
__Hbank0                                  bank0        000000
__Hbank1                                  bank1        000000
__Hbigbss                                 bigbss       000000
__Hbigdata                                bigdata      000000
__Hbigram                                 bigram       000000
__Hbss                                    bss          000000
__Hcinit                                  cinit        000000
__Hclrtext                                clrtext      000000
__Hcomram                                 comram       000000
__Hconfig                                 config       30000E
__Hconst                                  const        000000
__HcstackCOMRAM                           cstackCOMRAM 000000
__Hdata                                   data         000000
__Heeprom_data                            eeprom_data  000000
__Hfarbss                                 farbss       000000
__Hfardata                                fardata      000000
__Hibigdata                               ibigdata     000000
__Hidata                                  idata        000000
__Hidloc                                  idloc        200008
__Hifardata                               ifardata     000000
__Hinit                                   init         000078
__Hintcode                                intcode      000074
__Hintcode_body                           intcode_body 000000
__Hintcodelo                              intcodelo    000074
__Hintentry                               intentry     000000
__Hintret                                 intret       000000
__Hintsave_regs                           intsave_regs 000000
__Hirdata                                 irdata       000000
__Hmediumconst                            mediumconst  000000
__HnvCOMRAM                               nvCOMRAM     000000
__HnvFARRAM                               nvFARRAM     000000
__Hnvbit                                  nvbit        000000
__Hnvrram                                 nvrram       000000
__Hparam                                  rparam       000000
__Hpowerup                                powerup      000074
__Hram                                    ram          000000
__Hramtop                                 ramtop       000200
__Hrbit                                   rbit         000000
__Hrbss                                   rbss         000000
__Hrdata                                  rdata        000000
__Hreset_vec                              reset_vec    000004
__Hrparam                                 rparam       000000
__Hsfr                                    sfr          000000
__Hsmallconst                             smallconst   000000
__Hspace_0                                (abs)        0006C2
__Hspace_1                                (abs)        000033
__Hspace_2                                (abs)        000000
__Hspace_4                                (abs)        60000E
__Hstack                                  stack        000000
__Hstruct                                 struct       000000
__Htemp                                   temp         000033
__Htext                                   text         000000
__Htext0                                  text0        000000
__Htext1                                  text1        000000
__Htext10                                 text10       000000
__Htext12                                 text12       000000
__Htext13                                 text13       000000
__Htext14                                 text14       000000
__Htext15                                 text15       000000
__Htext2                                  text2        000000
__Htext3                                  text3        000000
__Htext4                                  text4        000000
__Htext5                                  text5        000000
__Htext6                                  text6        000000
__Htext7                                  text7        000000
__Htext8                                  text8        000000
__Htext9                                  text9        000000
__LRAM                                    (abs)        000001
__Labs1                                   abs1         000000
__Lbank0                                  bank0        000000
__Lbank1                                  bank1        000000
__Lbigbss                                 bigbss       000000
__Lbigdata                                bigdata      000000
__Lbigram                                 bigram       000000
__Lbss                                    bss          000000
__Lcinit                                  cinit        000000
__Lclrtext                                clrtext      000000
__Lcomram                                 comram       000000
__Lconfig                                 config       000000
__Lconst                                  const        000000
__LcstackCOMRAM                           cstackCOMRAM 000000
__Ldata                                   data         000000
__Leeprom_data                            eeprom_data  000000
__Lfarbss                                 farbss       000000
__Lfardata                                fardata      000000
__Libigdata                               ibigdata     000000
__Lidata                                  idata        000000
__Lidloc                                  idloc        000000
__Lifardata                               ifardata     000000
__Linit                                   init         000074
__Lintcode                                intcode      000008
__Lintcode_body                           intcode_body 000000
__Lintcodelo                              intcodelo    000074
__Lintentry                               intentry     000000
__Lintret                                 intret       000000
__Lintsave_regs                           intsave_regs 000000
__Lirdata                                 irdata       000000
__Lmediumconst                            mediumconst  000000
__LnvCOMRAM                               nvCOMRAM     000000
__LnvFARRAM                               nvFARRAM     000000
__Lnvbit                                  nvbit        000000
__Lnvrram                                 nvrram       000000
__Lparam                                  rparam       000000
__Lpowerup                                powerup      000074
__Lram                                    ram          000000
__Lramtop                                 ramtop       000200
__Lrbit                                   rbit         000000
__Lrbss                                   rbss         000000
__Lrdata                                  rdata        000000
__Lreset_vec                              reset_vec    000000
__Lrparam                                 rparam       000000
__Lsfr                                    sfr          000000
__Lsmallconst                             smallconst   000000
__Lspace_0                                (abs)        000000
__Lspace_1                                (abs)        000000
__Lspace_2                                (abs)        000000
__Lspace_4                                (abs)        000000
__Lstack                                  stack        000000
__Lstruct                                 struct       000000
__Ltemp                                   temp         000032
__Ltext                                   text         000000
__Ltext0                                  text0        000000
__Ltext1                                  text1        000000
__Ltext10                                 text10       000000
__Ltext12                                 text12       000000
__Ltext13                                 text13       000000
__Ltext14                                 text14       000000
__Ltext15                                 text15       000000
__Ltext2                                  text2        000000
__Ltext3                                  text3        000000
__Ltext4                                  text4        000000
__Ltext5                                  text5        000000
__Ltext6                                  text6        000000
__Ltext7                                  text7        000000
__Ltext8                                  text8        000000
__Ltext9                                  text9        000000
__S0                                      (abs)        0006C2
__S1                                      (abs)        000033
__S2                                      (abs)        000000
__S4                                      (abs)        000000
__S5                                      (abs)        000000
___inthi_sp                               stack        000000
___intlo_sp                               stack        000000
___param_bank                             (abs)        000000
___rparam_used                            (abs)        000001
___sp                                     stack        000000
__accesstop                               (abs)        000060
__activetblptr                            (abs)        000002
__end_of_ADC1_DefaultInterruptHandler     text14       0006C2
__end_of_ADC1_ISR                         text13       0005EA
__end_of_ADC1_Initialize                  text9        000660
__end_of_ADC1_SetInterruptHandler         text10       0006B8
__end_of_INTERRUPT_Initialize             text8        0006BC
__end_of_INTERRUPT_InterruptManager       intcode      000074
__end_of_OSCILLATOR_Initialize            text7        0006AE
__end_of_PIN_MANAGER_IOC                  text12       0006C0
__end_of_PIN_MANAGER_Initialize           text6        000616
__end_of_SYSTEM_Initialize                text5        000692
__end_of_WSTest                           text1        0003D8
__end_of_WS_Word                          text3        0004F4
__end_of_WS_Write                         text4        00063C
__end_of_WS_dim                           text2        0005BA
__end_of__initialization                  cinit        000692
__end_of_main                             text0        000680
__initialization                          cinit        000692
__mediumconst                             mediumconst  000000
__pcinit                                  cinit        000692
__pcstackCOMRAM                           cstackCOMRAM 000001
__pintcode                                intcode      000008
__pnvCOMRAM                               nvCOMRAM     000030
__ptext0                                  text0        000660
__ptext1                                  text1        000078
__ptext10                                 text10       0006AE
__ptext12                                 text12       0006BC
__ptext13                                 text13       0005BA
__ptext14                                 text14       0006C0
__ptext15                                 text15       000000
__ptext2                                  text2        0004F4
__ptext3                                  text3        0003D8
__ptext4                                  text4        000616
__ptext5                                  text5        000680
__ptext6                                  text6        0005EA
__ptext7                                  text7        0006A0
__ptext8                                  text8        0006B8
__ptext9                                  text9        00063C
__ramtop                                  ramtop       000200
__size_of_ADC1_DefaultInterruptHandler    (abs)        000000
__size_of_ADC1_ISR                        (abs)        000000
__size_of_ADC1_Initialize                 (abs)        000000
__size_of_ADC1_SetInterruptHandler        (abs)        000000
__size_of_INTERRUPT_Initialize            (abs)        000000
__size_of_INTERRUPT_InterruptManager      (abs)        000000
__size_of_OSCILLATOR_Initialize           (abs)        000000
__size_of_PIN_MANAGER_IOC                 (abs)        000000
__size_of_PIN_MANAGER_Initialize          (abs)        000000
__size_of_SYSTEM_Initialize               (abs)        000000
__size_of_WSTest                          (abs)        000000
__size_of_WS_Word                         (abs)        000000
__size_of_WS_Write                        (abs)        000000
__size_of_WS_dim                          (abs)        000000
__size_of_main                            (abs)        000000
__smallconst                              smallconst   000000
_main                                     text0        000660
btemp                                     temp         000032
end_of_initialization                     cinit        000692
int$flags                                 temp         000032
intlevel0                                 text         000000
intlevel1                                 text         000000
intlevel2                                 text         000000
intlevel3                                 text         000000
stackhi                                   (abs)        0001FF
stacklo                                   (abs)        000060
start                                     init         000074
start_initialization                      cinit        000692
ttemp5                                    temp         000033
ttemp6                                    temp         000036
ttemp7                                    temp         00003A
wtemp8                                    temp         000033


FUNCTION INFORMATION:

 *************** function _main *****************
 Defined at:
		line 50 in file "main.c"
 Parameters:    Size  Location     Type
		None
 Auto vars:     Size  Location     Type
		None
 Return value:  Size  Location     Type
                  1    wreg      void 
 Registers used:
		wreg, status,2, status,0, cstack
 Tracked objects:
		On entry : 
		On exit  : 
		Unchanged: 
 Data sizes:     COMRAM   BANK0   BANK1
      Params:         0       0       0
      Locals:         0       0       0
      Temps:          0       0       0
      Totals:         0       0       0
Total ram usage:        0 bytes
 Hardware stack levels required when called:    7
 This function calls:
		_SYSTEM_Initialize
		_WSTest
 This function is called by:
		Startup code after reset
 This function uses a non-reentrant model


 *************** function _WSTest *****************
 Defined at:
		line 77 in file "WS2812b/BitBangWS2812b.c"
 Parameters:    Size  Location     Type
  length          2   34[COMRAM] int 
  brightness      2   36[COMRAM] int 
 Auto vars:     Size  Location     Type
  i               2   43[COMRAM] int 
  b               2   45[COMRAM] int 
 Return value:  Size  Location     Type
                  1    wreg      void 
 Registers used:
		wreg, status,2, status,0, cstack
 Tracked objects:
		On entry : 
		On exit  : 
		Unchanged: 
 Data sizes:     COMRAM   BANK0   BANK1
      Params:         4       0       0
      Locals:         4       0       0
      Temps:          5       0       0
      Totals:        13       0       0
Total ram usage:       13 bytes
 Hardware stack levels used:    1
 Hardware stack levels required when called:    6
 This function calls:
		_WS_Word
		_WS_dim
 This function is called by:
		_main
 This function uses a non-reentrant model


 *************** function _WS_dim *****************
 Defined at:
		line 10 in file "WS2812b/BitBangWS2812b.c"
 Parameters:    Size  Location     Type
  A               2   23[COMRAM] int 
  B               2   25[COMRAM] int 
  C               2   27[COMRAM] int 
  brightness      2   29[COMRAM] int 
 Auto vars:     Size  Location     Type
		None
 Return value:  Size  Location     Type
                  1    wreg      void 
 Registers used:
		wreg, status,2, status,0, cstack
 Tracked objects:
		On entry : 
		On exit  : 
		Unchanged: 
 Data sizes:     COMRAM   BANK0   BANK1
      Params:         8       0       0
      Locals:         0       0       0
      Temps:          3       0       0
      Totals:        11       0       0
Total ram usage:       11 bytes
 Hardware stack levels used:    1
 Hardware stack levels required when called:    5
 This function calls:
		_WS_Word
 This function is called by:
		_WSTest
 This function uses a non-reentrant model


 *************** function _WS_Word *****************
 Defined at:
		line 21 in file "WS2812b/BitBangWS2812b.c"
 Parameters:    Size  Location     Type
  A               2    4[COMRAM] int 
  B               2    6[COMRAM] int 
  C               2    8[COMRAM] int 
 Auto vars:     Size  Location     Type
  x               2   17[COMRAM] int 
  x               2   15[COMRAM] int 
  x               2   13[COMRAM] int 
  i               2   21[COMRAM] int 
  Bx              2   19[COMRAM] int 
 Return value:  Size  Location     Type
                  1    wreg      void 
 Registers used:
		wreg, status,2, status,0, cstack
 Tracked objects:
		On entry : 
		On exit  : 
		Unchanged: 
 Data sizes:     COMRAM   BANK0   BANK1
      Params:         6       0       0
      Locals:        10       0       0
      Temps:          3       0       0
      Totals:        19       0       0
Total ram usage:       19 bytes
 Hardware stack levels used:    1
 Hardware stack levels required when called:    4
 This function calls:
		_WS_Write
 This function is called by:
		_WS_dim
		_WSTest
		_WSLoop
		_WS_White
 This function uses a non-reentrant model


 *************** function _WS_Write *****************
 Defined at:
		line 56 in file "WS2812b/BitBangWS2812b.c"
 Parameters:    Size  Location     Type
  A               2    2[COMRAM] int 
 Auto vars:     Size  Location     Type
		None
 Return value:  Size  Location     Type
                  1    wreg      void 
 Registers used:
		wreg, status,2, status,0
 Tracked objects:
		On entry : 
		On exit  : 
		Unchanged: 
 Data sizes:     COMRAM   BANK0   BANK1
      Params:         2       0       0
      Locals:         0       0       0
      Temps:          0       0       0
      Totals:         2       0       0
Total ram usage:        2 bytes
 Hardware stack levels used:    1
 Hardware stack levels required when called:    3
 This function calls:
		Nothing
 This function is called by:
		_WS_Word
 This function uses a non-reentrant model


 *************** function _SYSTEM_Initialize *****************
 Defined at:
		line 50 in file "mcc_generated_files/mcc.c"
 Parameters:    Size  Location     Type
		None
 Auto vars:     Size  Location     Type
		None
 Return value:  Size  Location     Type
                  1    wreg      void 
 Registers used:
		wreg, status,2, status,0, cstack
 Tracked objects:
		On entry : 
		On exit  : 
		Unchanged: 
 Data sizes:     COMRAM   BANK0   BANK1
      Params:         0       0       0
      Locals:         0       0       0
      Temps:          0       0       0
      Totals:         0       0       0
Total ram usage:        0 bytes
 Hardware stack levels used:    1
 Hardware stack levels required when called:    5
 This function calls:
		_ADC1_Initialize
		_INTERRUPT_Initialize
		_OSCILLATOR_Initialize
		_PIN_MANAGER_Initialize
 This function is called by:
		_main
 This function uses a non-reentrant model


 *************** function _PIN_MANAGER_Initialize *****************
 Defined at:
		line 55 in file "mcc_generated_files/pin_manager.c"
 Parameters:    Size  Location     Type
		None
 Auto vars:     Size  Location     Type
		None
 Return value:  Size  Location     Type
                  1    wreg      void 
 Registers used:
		wreg, status,2
 Tracked objects:
		On entry : 
		On exit  : 
		Unchanged: 
 Data sizes:     COMRAM   BANK0   BANK1
      Params:         0       0       0
      Locals:         0       0       0
      Temps:          0       0       0
      Totals:         0       0       0
Total ram usage:        0 bytes
 Hardware stack levels used:    1
 Hardware stack levels required when called:    3
 This function calls:
		Nothing
 This function is called by:
		_SYSTEM_Initialize
 This function uses a non-reentrant model


 *************** function _OSCILLATOR_Initialize *****************
 Defined at:
		line 59 in file "mcc_generated_files/mcc.c"
 Parameters:    Size  Location     Type
		None
 Auto vars:     Size  Location     Type
		None
 Return value:  Size  Location     Type
                  1    wreg      void 
 Registers used:
		wreg, status,2
 Tracked objects:
		On entry : 
		On exit  : 
		Unchanged: 
 Data sizes:     COMRAM   BANK0   BANK1
      Params:         0       0       0
      Locals:         0       0       0
      Temps:          0       0       0
      Totals:         0       0       0
Total ram usage:        0 bytes
 Hardware stack levels used:    1
 Hardware stack levels required when called:    3
 This function calls:
		Nothing
 This function is called by:
		_SYSTEM_Initialize
 This function uses a non-reentrant model


 *************** function _INTERRUPT_Initialize *****************
 Defined at:
		line 52 in file "mcc_generated_files/interrupt_manager.c"
 Parameters:    Size  Location     Type
		None
 Auto vars:     Size  Location     Type
		None
 Return value:  Size  Location     Type
                  1    wreg      void 
 Registers used:
		None
 Tracked objects:
		On entry : 
		On exit  : 
		Unchanged: 
 Data sizes:     COMRAM   BANK0   BANK1
      Params:         0       0       0
      Locals:         0       0       0
      Temps:          0       0       0
      Totals:         0       0       0
Total ram usage:        0 bytes
 Hardware stack levels used:    1
 Hardware stack levels required when called:    3
 This function calls:
		Nothing
 This function is called by:
		_SYSTEM_Initialize
 This function uses a non-reentrant model


 *************** function _ADC1_Initialize *****************
 Defined at:
		line 62 in file "mcc_generated_files/adc1.c"
 Parameters:    Size  Location     Type
		None
 Auto vars:     Size  Location     Type
		None
 Return value:  Size  Location     Type
                  1    wreg      void 
 Registers used:
		wreg, status,2, status,0, cstack
 Tracked objects:
		On entry : 
		On exit  : 
		Unchanged: 
 Data sizes:     COMRAM   BANK0   BANK1
      Params:         0       0       0
      Locals:         0       0       0
      Temps:          0       0       0
      Totals:         0       0       0
Total ram usage:        0 bytes
 Hardware stack levels used:    1
 Hardware stack levels required when called:    4
 This function calls:
		_ADC1_SetInterruptHandler
 This function is called by:
		_SYSTEM_Initialize
 This function uses a non-reentrant model


 *************** function _ADC1_SetInterruptHandler *****************
 Defined at:
		line 151 in file "mcc_generated_files/adc1.c"
 Parameters:    Size  Location     Type
  InterruptHan    2    2[COMRAM] PTR FTN()void 
		 -> ADC1_DefaultInterruptHandler(1), 
 Auto vars:     Size  Location     Type
		None
 Return value:  Size  Location     Type
                  1    wreg      void 
 Registers used:
		wreg, status,2, status,0
 Tracked objects:
		On entry : 
		On exit  : 
		Unchanged: 
 Data sizes:     COMRAM   BANK0   BANK1
      Params:         2       0       0
      Locals:         0       0       0
      Temps:          0       0       0
      Totals:         2       0       0
Total ram usage:        2 bytes
 Hardware stack levels used:    1
 Hardware stack levels required when called:    3
 This function calls:
		Nothing
 This function is called by:
		_ADC1_Initialize
 This function uses a non-reentrant model


 *************** function _INTERRUPT_InterruptManager *****************
 Defined at:
		line 58 in file "mcc_generated_files/interrupt_manager.c"
 Parameters:    Size  Location     Type
		None
 Auto vars:     Size  Location     Type
		None
 Return value:  Size  Location     Type
                  1    wreg      void 
 Registers used:
		wreg, status,2, status,0, pclath, tosl, cstack
 Tracked objects:
		On entry : 
		On exit  : 
		Unchanged: 
 Data sizes:     COMRAM   BANK0   BANK1
      Params:         0       0       0
      Locals:         0       0       0
      Temps:          2       0       0
      Totals:         2       0       0
Total ram usage:        2 bytes
 Hardware stack levels used:    1
 Hardware stack levels required when called:    2
 This function calls:
		_ADC1_ISR
		_PIN_MANAGER_IOC
 This function is called by:
		Interrupt level 2
 This function uses a non-reentrant model


 *************** function _PIN_MANAGER_IOC *****************
 Defined at:
		line 95 in file "mcc_generated_files/pin_manager.c"
 Parameters:    Size  Location     Type
		None
 Auto vars:     Size  Location     Type
		None
 Return value:  Size  Location     Type
                  1    wreg      void 
 Registers used:
		None
 Tracked objects:
		On entry : 
		On exit  : 
		Unchanged: 
 Data sizes:     COMRAM   BANK0   BANK1
      Params:         0       0       0
      Locals:         0       0       0
      Temps:          0       0       0
      Totals:         0       0       0
Total ram usage:        0 bytes
 Hardware stack levels used:    1
 This function calls:
		Nothing
 This function is called by:
		_INTERRUPT_InterruptManager
 This function uses a non-reentrant model


 *************** function _ADC1_ISR *****************
 Defined at:
		line 140 in file "mcc_generated_files/adc1.c"
 Parameters:    Size  Location     Type
		None
 Auto vars:     Size  Location     Type
		None
 Return value:  Size  Location     Type
                  1    wreg      void 
 Registers used:
		wreg, status,2, status,0, pclath, tosl, cstack
 Tracked objects:
		On entry : 
		On exit  : 
		Unchanged: 
 Data sizes:     COMRAM   BANK0   BANK1
      Params:         0       0       0
      Locals:         0       0       0
      Temps:          0       0       0
      Totals:         0       0       0
Total ram usage:        0 bytes
 Hardware stack levels used:    1
 Hardware stack levels required when called:    1
 This function calls:
		Absolute function
		_ADC1_DefaultInterruptHandler
 This function is called by:
		_INTERRUPT_InterruptManager
 This function uses a non-reentrant model


 *************** function _ADC1_DefaultInterruptHandler *****************
 Defined at:
		line 155 in file "mcc_generated_files/adc1.c"
 Parameters:    Size  Location     Type
		None
 Auto vars:     Size  Location     Type
		None
 Return value:  Size  Location     Type
                  1    wreg      void 
 Registers used:
		None
 Tracked objects:
		On entry : 
		On exit  : 
		Unchanged: 
 Data sizes:     COMRAM   BANK0   BANK1
      Params:         0       0       0
      Locals:         0       0       0
      Temps:          0       0       0
      Totals:         0       0       0
Total ram usage:        0 bytes
 Hardware stack levels used:    1
 This function calls:
		Nothing
 This function is called by:
		_ADC1_Initialize
		_ADC1_ISR
 This function uses a non-reentrant model



MODULE INFORMATION

Module		Function		Class		Link	Load	Size
WS2812b/BitBangWS2812b.c
		_WS_dim        		CODE           	04F4	0000	198
		_WS_Word       		CODE           	03D8	0000	284
		_WSTest        		CODE           	0078	0000	864
		_WS_Write      		CODE           	0616	0000	38

WS2812b/BitBangWS2812b.c estimated size: 1384

mcc_generated_files/interrupt_manager.c
		_INTERRUPT_Initialize		CODE           	06B8	0000	4
		_INTERRUPT_InterruptManager		CODE           	0008	0000	108

mcc_generated_files/interrupt_manager.c estimated size: 112

mcc_generated_files/adc1.c
		_ADC1_Initialize		CODE           	063C	0000	36
		_ADC1_SetInterruptHandler		CODE           	06AE	0000	10
		_ADC1_DefaultInterruptHandler		CODE           	06C0	0000	2
		_ADC1_ISR      		CODE           	05BA	0000	48

mcc_generated_files/adc1.c estimated size: 96

mcc_generated_files/pin_manager.c
		_PIN_MANAGER_Initialize		CODE           	05EA	0000	44
		_PIN_MANAGER_IOC		CODE           	06BC	0000	4

mcc_generated_files/pin_manager.c estimated size: 48

shared
		__initialization		CODE           	0692	0000	1

shared estimated size: 1

mcc_generated_files/mcc.c
		_OSCILLATOR_Initialize		CODE           	06A0	0000	14
		_SYSTEM_Initialize		CODE           	0680	0000	18

mcc_generated_files/mcc.c estimated size: 32

main.c
		_main          		CODE           	0660	0000	32

main.c estimated size: 32

