Microchip MPLAB XC8 Compiler V2.31

Linker command line:

-W-3 --edf=C:\Program Files\Microchip\xc8\v2.31\pic\dat\en_msgs.txt -cn \
  -h+dist/default/production\ChristmasLights.production.sym \
  --cmf=dist/default/production\ChristmasLights.production.cmf -z \
  -Q18F14K22 -oC:\Users\billb\AppData\Local\Temp\sckk.2 \
  --defsym=__MPLAB_BUILD=1 \
  -Mdist/default/production/ChristmasLights.production.map -E1 \
  -ver=XC8 Compiler --acfsm=1493 -ASTACK=060h-01FFh -pstack=STACK \
  -ACODE=00h-03FFFh -ACONST=00h-03FFFh -ASMALLCONST=0200h-02FFhx62 \
  -AMEDIUMCONST=0200h-03FFFh -ACOMRAM=01h-05Fh -AABS1=00h-01FFh \
  -ABIGRAM=01h-01FFh -ARAM=060h-0FFh,0100h-01FFh -ABANK0=060h-0FFh \
  -ABANK1=0100h-01FFh -ASFR=0F60h-0FFFh -ACONFIG=0300000h-030000Dh \
  -AIDLOC=0200000h-0200007h -AEEDATA=0F00000h-0F000FFh -peeprom_data=EEDATA \
  -preset_vec=00h,intcode,intcodelo,powerup,init -pramtop=0200h \
  -psmallconst=SMALLCONST -pmediumconst=MEDIUMCONST -pconst=CONST \
  -AFARRAM=00h-00h \
  -prdata=COMRAM,nvrram=COMRAM,nvbit=COMRAM,rbss=COMRAM,rbit=COMRAM \
  -pfarbss=FARRAM,fardata=FARRAM,nvFARRAM=FARRAM \
  -pintsave_regs=BIGRAM,bigbss=BIGRAM,bigdata=BIGRAM -pbss=RAM \
  -pidata=CODE,irdata=CODE,ibigdata=CODE,ifardata=CODE -prparam=COMRAM \
  C:\Users\billb\AppData\Local\Temp\sckk.o \
  dist/default/production\ChristmasLights.production.o 

Object code version is 3.11

Machine type is 18F14K22



                Name                               Link     Load   Length Selector   Space Scale
C:\Users\billb\AppData\Local\Temp\sckk.o
                idloc                            200000   200000        8        0       5
                config                           300000   300000        E        0       4
                init                                  0        0        4        0       0
dist/default/production\ChristmasLights.production.o
                idloc                            200000   200000        8        0       5
                config                           300000   300000        E        0       4
                text6                              31B2     31B2        E     18D9       0
                text5                              31F6     31F6       28     18FB       0
                text4                              31A8     31A8        A     18D4       0
                text3                              31D0     31D0       26     18E8       0
                text2                              321E     321E      11C     190F       0
                text1                              333A     333A      CC6     199D       0
                text0                              31C0     31C0       10     18E0       0
                cstackCOMRAM                          1        1       17        1       1
                cinit                              31A2     31A2        6     18D1       0

TOTAL           Name                               Link     Load   Length     Space
        CLASS   STACK          

        CLASS   CODE           
                init                                  0        0        4         0
                text6                              31B2     31B2        E         0
                text5                              31F6     31F6       28         0
                text4                              31A8     31A8        A         0
                text3                              31D0     31D0       26         0
                text2                              321E     321E      11C         0
                text1                              333A     333A      CC6         0
                text0                              31C0     31C0       10         0
                cinit                              31A2     31A2        6         0

        CLASS   CONST          

        CLASS   SMALLCONST     

        CLASS   MEDIUMCONST    

        CLASS   COMRAM         
                cstackCOMRAM                          1        1       17         1

        CLASS   ABS1           

        CLASS   BIGRAM         

        CLASS   RAM            

        CLASS   BANK0          

        CLASS   BANK1          

        CLASS   SFR            

        CLASS   CONFIG         
                config                           300000   300000        E         4

        CLASS   IDLOC          
                idloc                            200000   200000        8         5

        CLASS   EEDATA         

        CLASS   FARRAM         



SEGMENTS        Name                           Load    Length   Top    Selector   Space  Class

                reset_vec                      000000  000004  000004         0       0  CODE    
                cstackCOMRAM                   000001  000017  000018         1       1  COMRAM  
                cinit                          0031A2  000006  0031A8      18D1       0  CODE    
                text4                          0031A8  00000A  0031B2      18D4       0  CODE    
                text6                          0031B2  00000E  0031C0      18D9       0  CODE    
                text0                          0031C0  000010  0031D0      18E0       0  CODE    
                text3                          0031D0  000026  0031F6      18E8       0  CODE    
                text5                          0031F6  000028  00321E      18FB       0  CODE    
                text2                          00321E  00011C  00333A      190F       0  CODE    
                text1                          00333A  000CC6  004000      199D       0  CODE    


UNUSED ADDRESS RANGES

        Name                Unused          Largest block    Delta
        BANK0            000060-0000FF               A0
        BANK1            000100-0001FF              100
        BIGRAM           000018-0001FF              1E8
        CODE             000004-0031A1             319E
        COMRAM           000018-00005F               48
        CONST            000004-0031A1             319E
        EEDATA           F00000-F000FF              100
        MEDIUMCONST      000200-0031A1             2FA2
        RAM              000060-0001FF               A0
        SFR              000F60-000FFF               A0
        SMALLCONST       000200-0031A1              100
        STACK            000060-0001FF              1A0

                                  Symbol Table

WS_Word@A                        cstackCOMRAM 000003
WS_Word@B                        cstackCOMRAM 000005
WS_Word@Bx                       cstackCOMRAM 000012
WS_Word@C                        cstackCOMRAM 000007
WS_Word@i                        cstackCOMRAM 000014
WS_Word@x                        cstackCOMRAM 00000C
WS_Word@x_79                     cstackCOMRAM 00000E
WS_Word@x_80                     cstackCOMRAM 000010
WS_Write@A                       cstackCOMRAM 000001
_ANSEL                           (abs)        000F7E
_ANSELH                          (abs)        000F7F
_GIE                             (abs)        007F97
_INTCON2bits                     (abs)        000FF1
_INTCONbits                      (abs)        000FF2
_LATA                            (abs)        000F89
_LATAbits                        (abs)        000F89
_LATB                            (abs)        000F8A
_LATC                            (abs)        000F8B
_OSCCON                          (abs)        000FD3
_OSCCON2                         (abs)        000FD2
_OSCILLATOR_Initialize           text6        0031B2
_OSCTUNE                         (abs)        000F9B
_PIN_MANAGER_Initialize          text5        0031F6
_SYSTEM_Initialize               text4        0031A8
_TRISA                           (abs)        000F92
_TRISB                           (abs)        000F93
_TRISC                           (abs)        000F94
_WPUA                            (abs)        000F77
_WPUB                            (abs)        000F78
_WSLoop                          text1        00333A
_WS_Word                         text2        00321E
_WS_Write                        text3        0031D0
__HRAM                           (abs)        000000
__Habs1                          abs1         000000
__Hbank0                         bank0        000000
__Hbank1                         bank1        000000
__Hbigbss                        bigbss       000000
__Hbigdata                       bigdata      000000
__Hbigram                        bigram       000000
__Hbss                           bss          000000
__Hcinit                         cinit        000000
__Hclrtext                       clrtext      000000
__Hcomram                        comram       000000
__Hconfig                        config       30000E
__Hconst                         const        000000
__HcstackCOMRAM                  cstackCOMRAM 000000
__Hdata                          data         000000
__Heeprom_data                   eeprom_data  000000
__Hfarbss                        farbss       000000
__Hfardata                       fardata      000000
__Hibigdata                      ibigdata     000000
__Hidata                         idata        000000
__Hidloc                         idloc        200008
__Hifardata                      ifardata     000000
__Hinit                          init         000004
__Hintcode                       intcode      000000
__Hintcode_body                  intcode_body 000000
__Hintcodelo                     intcodelo    000000
__Hintentry                      intentry     000000
__Hintret                        intret       000000
__Hintsave_regs                  intsave_regs 000000
__Hirdata                        irdata       000000
__Hmediumconst                   mediumconst  000000
__HnvFARRAM                      nvFARRAM     000000
__Hnvbit                         nvbit        000000
__Hnvrram                        nvrram       000000
__Hparam                         rparam       000000
__Hpowerup                       powerup      000000
__Hram                           ram          000000
__Hramtop                        ramtop       000200
__Hrbit                          rbit         000000
__Hrbss                          rbss         000000
__Hrdata                         rdata        000000
__Hreset_vec                     reset_vec    000000
__Hrparam                        rparam       000000
__Hsfr                           sfr          000000
__Hsmallconst                    smallconst   000000
__Hspace_0                       (abs)        004000
__Hspace_1                       (abs)        000018
__Hspace_2                       (abs)        000000
__Hspace_4                       (abs)        60000E
__Hstack                         stack        000000
__Hstruct                        struct       000000
__Htemp                          temp         000000
__Htext                          text         000000
__Htext0                         text0        000000
__Htext1                         text1        000000
__Htext2                         text2        000000
__Htext3                         text3        000000
__Htext4                         text4        000000
__Htext5                         text5        000000
__Htext6                         text6        000000
__LRAM                           (abs)        000001
__Labs1                          abs1         000000
__Lbank0                         bank0        000000
__Lbank1                         bank1        000000
__Lbigbss                        bigbss       000000
__Lbigdata                       bigdata      000000
__Lbigram                        bigram       000000
__Lbss                           bss          000000
__Lcinit                         cinit        000000
__Lclrtext                       clrtext      000000
__Lcomram                        comram       000000
__Lconfig                        config       000000
__Lconst                         const        000000
__LcstackCOMRAM                  cstackCOMRAM 000000
__Ldata                          data         000000
__Leeprom_data                   eeprom_data  000000
__Lfarbss                        farbss       000000
__Lfardata                       fardata      000000
__Libigdata                      ibigdata     000000
__Lidata                         idata        000000
__Lidloc                         idloc        000000
__Lifardata                      ifardata     000000
__Linit                          init         000000
__Lintcode                       intcode      000000
__Lintcode_body                  intcode_body 000000
__Lintcodelo                     intcodelo    000000
__Lintentry                      intentry     000000
__Lintret                        intret       000000
__Lintsave_regs                  intsave_regs 000000
__Lirdata                        irdata       000000
__Lmediumconst                   mediumconst  000000
__LnvFARRAM                      nvFARRAM     000000
__Lnvbit                         nvbit        000000
__Lnvrram                        nvrram       000000
__Lparam                         rparam       000000
__Lpowerup                       powerup      000000
__Lram                           ram          000000
__Lramtop                        ramtop       000200
__Lrbit                          rbit         000000
__Lrbss                          rbss         000000
__Lrdata                         rdata        000000
__Lreset_vec                     reset_vec    000000
__Lrparam                        rparam       000000
__Lsfr                           sfr          000000
__Lsmallconst                    smallconst   000000
__Lspace_0                       (abs)        000000
__Lspace_1                       (abs)        000000
__Lspace_2                       (abs)        000000
__Lspace_4                       (abs)        000000
__Lstack                         stack        000000
__Lstruct                        struct       000000
__Ltemp                          temp         000000
__Ltext                          text         000000
__Ltext0                         text0        000000
__Ltext1                         text1        000000
__Ltext2                         text2        000000
__Ltext3                         text3        000000
__Ltext4                         text4        000000
__Ltext5                         text5        000000
__Ltext6                         text6        000000
__S0                             (abs)        004000
__S1                             (abs)        000018
__S2                             (abs)        000000
__S4                             (abs)        000000
__S5                             (abs)        000000
___inthi_sp                      stack        000000
___intlo_sp                      stack        000000
___param_bank                    (abs)        000000
___rparam_used                   (abs)        000001
___sp                            stack        000000
__accesstop                      (abs)        000060
__activetblptr                   (abs)        000000
__end_of_OSCILLATOR_Initialize   text6        0031C0
__end_of_PIN_MANAGER_Initialize  text5        00321E
__end_of_SYSTEM_Initialize       text4        0031B2
__end_of_WSLoop                  text1        004000
__end_of_WS_Word                 text2        00333A
__end_of_WS_Write                text3        0031F6
__end_of__initialization         cinit        0031A2
__end_of_main                    text0        0031D0
__initialization                 cinit        0031A2
__mediumconst                    mediumconst  000000
__pcinit                         cinit        0031A2
__pcstackCOMRAM                  cstackCOMRAM 000001
__ptext0                         text0        0031C0
__ptext1                         text1        00333A
__ptext2                         text2        00321E
__ptext3                         text3        0031D0
__ptext4                         text4        0031A8
__ptext5                         text5        0031F6
__ptext6                         text6        0031B2
__ramtop                         ramtop       000200
__size_of_OSCILLATOR_Initialize  (abs)        000000
__size_of_PIN_MANAGER_Initialize (abs)        000000
__size_of_SYSTEM_Initialize      (abs)        000000
__size_of_WSLoop                 (abs)        000000
__size_of_WS_Word                (abs)        000000
__size_of_WS_Write               (abs)        000000
__size_of_main                   (abs)        000000
__smallconst                     smallconst   000000
_main                            text0        0031C0
end_of_initialization            cinit        0031A2
intlevel0                        text         000000
intlevel1                        text         000000
intlevel2                        text         000000
intlevel3                        text         000000
stackhi                          (abs)        0001FF
stacklo                          (abs)        000060
start                            init         000000
start_initialization             cinit        0031A2


FUNCTION INFORMATION:

 *************** function _main *****************
 Defined at:
		line 50 in file "main.c"
 Parameters:    Size  Location     Type
		None
 Auto vars:     Size  Location     Type
		None
 Return value:  Size  Location     Type
                  1    wreg      void 
 Registers used:
		wreg, status,2, status,0, cstack
 Tracked objects:
		On entry : 
		On exit  : 
		Unchanged: 
 Data sizes:     COMRAM   BANK0   BANK1
      Params:         0       0       0
      Locals:         0       0       0
      Temps:          0       0       0
      Totals:         0       0       0
Total ram usage:        0 bytes
 Hardware stack levels required when called:    3
 This function calls:
		_SYSTEM_Initialize
		_WSLoop
 This function is called by:
		Startup code after reset
 This function uses a non-reentrant model


 *************** function _WSLoop *****************
 Defined at:
		line 68 in file "WS2812b/BitBangWS2812b.c"
 Parameters:    Size  Location     Type
		None
 Auto vars:     Size  Location     Type
		None
 Return value:  Size  Location     Type
                  1    wreg      void 
 Registers used:
		wreg, status,2, status,0, cstack
 Tracked objects:
		On entry : 
		On exit  : 
		Unchanged: 
 Data sizes:     COMRAM   BANK0   BANK1
      Params:         0       0       0
      Locals:         0       0       0
      Temps:          2       0       0
      Totals:         2       0       0
Total ram usage:        2 bytes
 Hardware stack levels used:    1
 Hardware stack levels required when called:    2
 This function calls:
		_WS_Word
 This function is called by:
		_main
 This function uses a non-reentrant model


 *************** function _WS_Word *****************
 Defined at:
		line 10 in file "WS2812b/BitBangWS2812b.c"
 Parameters:    Size  Location     Type
  A               2    2[COMRAM] int 
  B               2    4[COMRAM] int 
  C               2    6[COMRAM] int 
 Auto vars:     Size  Location     Type
  x               2   15[COMRAM] int 
  x               2   13[COMRAM] int 
  x               2   11[COMRAM] int 
  i               2   19[COMRAM] int 
  Bx              2   17[COMRAM] int 
 Return value:  Size  Location     Type
                  1    wreg      void 
 Registers used:
		wreg, status,2, status,0, cstack
 Tracked objects:
		On entry : 
		On exit  : 
		Unchanged: 
 Data sizes:     COMRAM   BANK0   BANK1
      Params:         6       0       0
      Locals:        10       0       0
      Temps:          3       0       0
      Totals:        19       0       0
Total ram usage:       19 bytes
 Hardware stack levels used:    1
 Hardware stack levels required when called:    1
 This function calls:
		_WS_Write
 This function is called by:
		_WSLoop
		_WS_White
 This function uses a non-reentrant model


 *************** function _WS_Write *****************
 Defined at:
		line 45 in file "WS2812b/BitBangWS2812b.c"
 Parameters:    Size  Location     Type
  A               2    0[COMRAM] int 
 Auto vars:     Size  Location     Type
		None
 Return value:  Size  Location     Type
                  1    wreg      void 
 Registers used:
		wreg, status,2, status,0
 Tracked objects:
		On entry : 
		On exit  : 
		Unchanged: 
 Data sizes:     COMRAM   BANK0   BANK1
      Params:         2       0       0
      Locals:         0       0       0
      Temps:          0       0       0
      Totals:         2       0       0
Total ram usage:        2 bytes
 Hardware stack levels used:    1
 This function calls:
		Nothing
 This function is called by:
		_WS_Word
 This function uses a non-reentrant model


 *************** function _SYSTEM_Initialize *****************
 Defined at:
		line 50 in file "mcc_generated_files/mcc.c"
 Parameters:    Size  Location     Type
		None
 Auto vars:     Size  Location     Type
		None
 Return value:  Size  Location     Type
                  1    wreg      void 
 Registers used:
		wreg, status,2, cstack
 Tracked objects:
		On entry : 
		On exit  : 
		Unchanged: 
 Data sizes:     COMRAM   BANK0   BANK1
      Params:         0       0       0
      Locals:         0       0       0
      Temps:          0       0       0
      Totals:         0       0       0
Total ram usage:        0 bytes
 Hardware stack levels used:    1
 Hardware stack levels required when called:    1
 This function calls:
		_OSCILLATOR_Initialize
		_PIN_MANAGER_Initialize
 This function is called by:
		_main
 This function uses a non-reentrant model


 *************** function _PIN_MANAGER_Initialize *****************
 Defined at:
		line 55 in file "mcc_generated_files/pin_manager.c"
 Parameters:    Size  Location     Type
		None
 Auto vars:     Size  Location     Type
		None
 Return value:  Size  Location     Type
                  1    wreg      void 
 Registers used:
		wreg, status,2
 Tracked objects:
		On entry : 
		On exit  : 
		Unchanged: 
 Data sizes:     COMRAM   BANK0   BANK1
      Params:         0       0       0
      Locals:         0       0       0
      Temps:          0       0       0
      Totals:         0       0       0
Total ram usage:        0 bytes
 Hardware stack levels used:    1
 This function calls:
		Nothing
 This function is called by:
		_SYSTEM_Initialize
 This function uses a non-reentrant model


 *************** function _OSCILLATOR_Initialize *****************
 Defined at:
		line 57 in file "mcc_generated_files/mcc.c"
 Parameters:    Size  Location     Type
		None
 Auto vars:     Size  Location     Type
		None
 Return value:  Size  Location     Type
                  1    wreg      void 
 Registers used:
		wreg, status,2
 Tracked objects:
		On entry : 
		On exit  : 
		Unchanged: 
 Data sizes:     COMRAM   BANK0   BANK1
      Params:         0       0       0
      Locals:         0       0       0
      Temps:          0       0       0
      Totals:         0       0       0
Total ram usage:        0 bytes
 Hardware stack levels used:    1
 This function calls:
		Nothing
 This function is called by:
		_SYSTEM_Initialize
 This function uses a non-reentrant model



MODULE INFORMATION

Module		Function		Class		Link	Load	Size
WS2812b/BitBangWS2812b.c
		_WSLoop        		CODE           	333A	0000	3270
		_WS_Word       		CODE           	321E	0000	284
		_WS_Write      		CODE           	31D0	0000	38

WS2812b/BitBangWS2812b.c estimated size: 3592

mcc_generated_files/pin_manager.c
		_PIN_MANAGER_Initialize		CODE           	31F6	0000	40

mcc_generated_files/pin_manager.c estimated size: 40

shared
		__initialization		CODE           	31A2	0000	1

shared estimated size: 1

mcc_generated_files/mcc.c
		_OSCILLATOR_Initialize		CODE           	31B2	0000	14
		_SYSTEM_Initialize		CODE           	31A8	0000	10

mcc_generated_files/mcc.c estimated size: 24

main.c
		_main          		CODE           	31C0	0000	16

main.c estimated size: 16

